2021-06-09 14:33:55.586 6 INFO neutron.common.config [-] Logging enabled!
2021-06-09 14:33:55.586 6 INFO neutron.common.config [-] /usr/bin/neutron-metadata-agent version 18.0.0
2021-06-09 14:33:55.593 6 INFO oslo_service.service [req-42d1f6ee-7f7f-4915-b86c-53d4e1277e3c - - - - -] Starting 5 workers
2021-06-09 14:33:55.599 22 INFO eventlet.wsgi.server [-] (22) wsgi starting up on http:/var/lib/neutron/kolla/metadata_proxy
2021-06-09 14:33:55.601 23 INFO eventlet.wsgi.server [-] (23) wsgi starting up on http:/var/lib/neutron/kolla/metadata_proxy
2021-06-09 14:33:55.603 24 INFO eventlet.wsgi.server [-] (24) wsgi starting up on http:/var/lib/neutron/kolla/metadata_proxy
2021-06-09 14:33:55.605 25 INFO eventlet.wsgi.server [-] (25) wsgi starting up on http:/var/lib/neutron/kolla/metadata_proxy
2021-06-09 14:33:55.607 26 INFO eventlet.wsgi.server [-] (26) wsgi starting up on http:/var/lib/neutron/kolla/metadata_proxy
2021-06-09 14:44:36.077 25 INFO eventlet.wsgi.server [-] 10.0.0.220,<local> "GET /2009-04-04/meta-data/instance-id HTTP/1.1" status: 200  len: 146 time: 3.2117560
2021-06-09 14:44:38.093 25 INFO neutron.agent.metadata.agent [-] The instance: ce1fed25-d5b2-4774-b5f6-ef7b80e4a33c is not present anymore, skipping cache...
2021-06-09 14:44:40.327 25 INFO eventlet.wsgi.server [-] 10.0.0.220,<local> "GET /2009-04-04/meta-data/public-keys HTTP/1.1" status: 404  len: 297 time: 4.2397048
2021-06-09 14:45:11.395 22 INFO eventlet.wsgi.server [-] 10.0.1.46,<local> "GET /2009-04-04/meta-data/instance-id HTTP/1.1" status: 200  len: 146 time: 2.5590918
2021-06-09 14:45:38.250 22 INFO eventlet.wsgi.server [-] 10.0.2.141,<local> "GET /2009-04-04/meta-data/instance-id HTTP/1.1" status: 200  len: 146 time: 0.2467864
2021-06-09 14:45:38.314 25 INFO neutron.agent.metadata.agent [-] The instance: 14004746-066f-40c7-a146-8073fdd86d3f is not present anymore, skipping cache...
2021-06-09 14:45:40.304 25 INFO eventlet.wsgi.server [-] 10.0.2.141,<local> "GET /2009-04-04/meta-data/public-keys HTTP/1.1" status: 404  len: 297 time: 2.0433316
2021-06-09 14:45:40.825 26 INFO eventlet.wsgi.server [-] 10.0.2.141,<local> "GET /2009-04-04/meta-data/instance-id HTTP/1.1" status: 200  len: 146 time: 0.0909719
2021-06-09 14:45:40.888 26 INFO eventlet.wsgi.server [-] 10.0.2.141,<local> "GET /2009-04-04/meta-data/ami-launch-index HTTP/1.1" status: 200  len: 136 time: 0.0545375
2021-06-09 14:45:40.949 26 INFO eventlet.wsgi.server [-] 10.0.2.141,<local> "GET /2009-04-04/meta-data/instance-type HTTP/1.1" status: 200  len: 161 time: 0.0527546
2021-06-09 14:45:41.011 25 INFO eventlet.wsgi.server [-] 10.0.2.141,<local> "GET /2009-04-04/meta-data/local-ipv4 HTTP/1.1" status: 200  len: 146 time: 0.0540359
2021-06-09 14:45:41.079 22 INFO eventlet.wsgi.server [-] 10.0.2.141,<local> "GET /2009-04-04/meta-data/public-ipv4 HTTP/1.1" status: 200  len: 135 time: 0.0603378
2021-06-09 14:45:41.140 25 INFO eventlet.wsgi.server [-] 10.0.2.141,<local> "GET /2009-04-04/meta-data/hostname HTTP/1.1" status: 200  len: 171 time: 0.0525725
2021-06-09 14:45:41.249 23 INFO eventlet.wsgi.server [-] 10.0.2.141,<local> "GET /2009-04-04/meta-data/local-hostname HTTP/1.1" status: 200  len: 171 time: 0.1004987
2021-06-09 14:45:41.311 22 INFO neutron.agent.metadata.agent [-] The instance: 14004746-066f-40c7-a146-8073fdd86d3f is not present anymore, skipping cache...
2021-06-09 14:45:41.365 22 INFO eventlet.wsgi.server [-] 10.0.2.141,<local> "GET /2009-04-04/user-data HTTP/1.1" status: 404  len: 297 time: 0.1081297
2021-06-09 14:45:41.422 23 INFO eventlet.wsgi.server [-] 10.0.2.141,<local> "GET /2009-04-04/meta-data/block-device-mapping HTTP/1.1" status: 200  len: 143 time: 0.0509181
2021-06-09 14:45:41.480 23 INFO eventlet.wsgi.server [-] 10.0.2.141,<local> "GET /2009-04-04/meta-data/block-device-mapping/ami HTTP/1.1" status: 200  len: 138 time: 0.0542850
2021-06-09 14:45:41.541 23 INFO eventlet.wsgi.server [-] 10.0.2.141,<local> "GET /2009-04-04/meta-data/block-device-mapping/root HTTP/1.1" status: 200  len: 143 time: 0.0568871
2021-06-09 14:45:41.602 23 INFO eventlet.wsgi.server [-] 10.0.2.141,<local> "GET /2009-04-04/meta-data/public-hostname HTTP/1.1" status: 200  len: 171 time: 0.0571349
2021-06-09 14:45:41.664 23 INFO eventlet.wsgi.server [-] 10.0.2.141,<local> "GET /2009-04-04/meta-data/placement/availability-zone HTTP/1.1" status: 200  len: 139 time: 0.0571012
2021-06-09 14:46:13.094 25 INFO eventlet.wsgi.server [-] 10.0.3.4,<local> "GET /2009-04-04/meta-data/instance-id HTTP/1.1" status: 200  len: 146 time: 0.6082590
2021-06-09 14:46:13.160 23 INFO neutron.agent.metadata.agent [-] The instance: 06567efe-5068-4264-a18e-7cda719e91b0 is not present anymore, skipping cache...
2021-06-09 14:46:13.212 23 INFO eventlet.wsgi.server [-] 10.0.3.4,<local> "GET /2009-04-04/meta-data/public-keys HTTP/1.1" status: 404  len: 297 time: 0.1069982
2021-06-09 14:46:13.274 25 INFO eventlet.wsgi.server [-] 10.0.3.4,<local> "GET /2009-04-04/meta-data/instance-id HTTP/1.1" status: 200  len: 146 time: 0.0529528
2021-06-09 14:46:13.334 25 INFO eventlet.wsgi.server [-] 10.0.3.4,<local> "GET /2009-04-04/meta-data/ami-launch-index HTTP/1.1" status: 200  len: 136 time: 0.0528717
2021-06-09 14:46:13.400 25 INFO eventlet.wsgi.server [-] 10.0.3.4,<local> "GET /2009-04-04/meta-data/instance-type HTTP/1.1" status: 200  len: 161 time: 0.0597498
2021-06-09 14:46:13.460 25 INFO eventlet.wsgi.server [-] 10.0.3.4,<local> "GET /2009-04-04/meta-data/local-ipv4 HTTP/1.1" status: 200  len: 143 time: 0.0531714
2021-06-09 14:46:13.518 25 INFO eventlet.wsgi.server [-] 10.0.3.4,<local> "GET /2009-04-04/meta-data/public-ipv4 HTTP/1.1" status: 200  len: 135 time: 0.0504212
2021-06-09 14:46:13.585 25 INFO eventlet.wsgi.server [-] 10.0.3.4,<local> "GET /2009-04-04/meta-data/hostname HTTP/1.1" status: 200  len: 171 time: 0.0595438
2021-06-09 14:46:13.662 26 INFO eventlet.wsgi.server [-] 10.0.3.4,<local> "GET /2009-04-04/meta-data/local-hostname HTTP/1.1" status: 200  len: 171 time: 0.0690694
2021-06-09 14:46:13.752 24 INFO neutron.agent.metadata.agent [-] The instance: 06567efe-5068-4264-a18e-7cda719e91b0 is not present anymore, skipping cache...
2021-06-09 14:46:13.808 24 INFO eventlet.wsgi.server [-] 10.0.3.4,<local> "GET /2009-04-04/user-data HTTP/1.1" status: 404  len: 297 time: 0.1367702
2021-06-09 14:46:13.880 26 INFO eventlet.wsgi.server [-] 10.0.3.4,<local> "GET /2009-04-04/meta-data/block-device-mapping HTTP/1.1" status: 200  len: 143 time: 0.0597873
2021-06-09 14:46:42.563 26 INFO eventlet.wsgi.server [-] 10.0.4.169,<local> "GET /2009-04-04/meta-data/instance-id HTTP/1.1" status: 200  len: 146 time: 0.6100140
2021-06-09 14:46:42.669 24 INFO neutron.agent.metadata.agent [-] The instance: 35faba08-ed6b-42b5-ad59-ccfad27c207b is not present anymore, skipping cache...
2021-06-09 14:46:42.723 24 INFO eventlet.wsgi.server [-] 10.0.4.169,<local> "GET /2009-04-04/meta-data/public-keys HTTP/1.1" status: 404  len: 297 time: 0.1473422
2021-06-09 14:46:45.080 26 INFO eventlet.wsgi.server [-] 10.0.4.169,<local> "GET /2009-04-04/meta-data/instance-id HTTP/1.1" status: 200  len: 146 time: 0.0521398
2021-06-09 14:46:45.142 22 INFO eventlet.wsgi.server [-] 10.0.4.169,<local> "GET /2009-04-04/meta-data/ami-launch-index HTTP/1.1" status: 200  len: 136 time: 0.0535643
2021-06-09 14:46:45.210 23 INFO eventlet.wsgi.server [-] 10.0.4.169,<local> "GET /2009-04-04/meta-data/instance-type HTTP/1.1" status: 200  len: 161 time: 0.0604868
2021-06-09 14:46:45.273 23 INFO eventlet.wsgi.server [-] 10.0.4.169,<local> "GET /2009-04-04/meta-data/local-ipv4 HTTP/1.1" status: 200  len: 146 time: 0.0545099
2021-06-09 14:46:45.340 23 INFO eventlet.wsgi.server [-] 10.0.4.169,<local> "GET /2009-04-04/meta-data/public-ipv4 HTTP/1.1" status: 200  len: 135 time: 0.0586982
2021-06-09 14:46:45.406 23 INFO eventlet.wsgi.server [-] 10.0.4.169,<local> "GET /2009-04-04/meta-data/hostname HTTP/1.1" status: 200  len: 171 time: 0.0583432
2021-06-09 14:46:45.470 23 INFO eventlet.wsgi.server [-] 10.0.4.169,<local> "GET /2009-04-04/meta-data/local-hostname HTTP/1.1" status: 200  len: 171 time: 0.0560362
2021-06-09 14:46:45.531 26 INFO neutron.agent.metadata.agent [-] The instance: 35faba08-ed6b-42b5-ad59-ccfad27c207b is not present anymore, skipping cache...
2021-06-09 14:46:45.588 26 INFO eventlet.wsgi.server [-] 10.0.4.169,<local> "GET /2009-04-04/user-data HTTP/1.1" status: 404  len: 297 time: 0.1092935
2021-06-09 14:46:45.652 26 INFO eventlet.wsgi.server [-] 10.0.4.169,<local> "GET /2009-04-04/meta-data/block-device-mapping HTTP/1.1" status: 200  len: 143 time: 0.0537956
2021-06-09 14:46:45.714 26 INFO eventlet.wsgi.server [-] 10.0.4.169,<local> "GET /2009-04-04/meta-data/block-device-mapping/ami HTTP/1.1" status: 200  len: 138 time: 0.0555391
2021-06-09 14:46:45.783 24 INFO eventlet.wsgi.server [-] 10.0.4.169,<local> "GET /2009-04-04/meta-data/block-device-mapping/root HTTP/1.1" status: 200  len: 143 time: 0.0627792
2021-06-09 14:46:45.846 24 INFO eventlet.wsgi.server [-] 10.0.4.169,<local> "GET /2009-04-04/meta-data/public-hostname HTTP/1.1" status: 200  len: 171 time: 0.0540669
2021-06-09 14:46:45.909 24 INFO eventlet.wsgi.server [-] 10.0.4.169,<local> "GET /2009-04-04/meta-data/placement/availability-zone HTTP/1.1" status: 200  len: 139 time: 0.0553250
2021-06-09 14:47:16.953 26 INFO eventlet.wsgi.server [-] 10.0.5.5,<local> "GET /2009-04-04/meta-data/instance-id HTTP/1.1" status: 200  len: 146 time: 0.2045155
2021-06-09 14:47:17.016 22 INFO neutron.agent.metadata.agent [-] The instance: e65bfa7e-bcfa-4aff-9878-56b35695a6b6 is not present anymore, skipping cache...
2021-06-09 14:47:17.069 22 INFO eventlet.wsgi.server [-] 10.0.5.5,<local> "GET /2009-04-04/meta-data/public-keys HTTP/1.1" status: 404  len: 297 time: 0.1052201
2021-06-09 14:47:17.142 22 INFO eventlet.wsgi.server [-] 10.0.5.5,<local> "GET /2009-04-04/meta-data/instance-id HTTP/1.1" status: 200  len: 146 time: 0.0618432
2021-06-09 14:47:17.208 22 INFO eventlet.wsgi.server [-] 10.0.5.5,<local> "GET /2009-04-04/meta-data/ami-launch-index HTTP/1.1" status: 200  len: 136 time: 0.0579851
2021-06-09 14:47:17.278 26 INFO eventlet.wsgi.server [-] 10.0.5.5,<local> "GET /2009-04-04/meta-data/instance-type HTTP/1.1" status: 200  len: 161 time: 0.0613172
2021-06-09 14:47:17.340 26 INFO eventlet.wsgi.server [-] 10.0.5.5,<local> "GET /2009-04-04/meta-data/local-ipv4 HTTP/1.1" status: 200  len: 143 time: 0.0543444
2021-06-09 14:47:17.413 26 INFO eventlet.wsgi.server [-] 10.0.5.5,<local> "GET /2009-04-04/meta-data/public-ipv4 HTTP/1.1" status: 200  len: 135 time: 0.0648255
2021-06-09 14:47:17.477 26 INFO eventlet.wsgi.server [-] 10.0.5.5,<local> "GET /2009-04-04/meta-data/hostname HTTP/1.1" status: 200  len: 171 time: 0.0550873
2021-06-09 14:47:17.540 24 INFO eventlet.wsgi.server [-] 10.0.5.5,<local> "GET /2009-04-04/meta-data/local-hostname HTTP/1.1" status: 200  len: 171 time: 0.0548830
2021-06-09 14:47:17.597 24 INFO neutron.agent.metadata.agent [-] The instance: e65bfa7e-bcfa-4aff-9878-56b35695a6b6 is not present anymore, skipping cache...
2021-06-09 14:47:17.647 24 INFO eventlet.wsgi.server [-] 10.0.5.5,<local> "GET /2009-04-04/user-data HTTP/1.1" status: 404  len: 297 time: 0.0991302
2021-06-09 14:47:17.714 24 INFO eventlet.wsgi.server [-] 10.0.5.5,<local> "GET /2009-04-04/meta-data/block-device-mapping HTTP/1.1" status: 200  len: 143 time: 0.0559390
2021-06-09 14:47:17.773 24 INFO eventlet.wsgi.server [-] 10.0.5.5,<local> "GET /2009-04-04/meta-data/block-device-mapping/ami HTTP/1.1" status: 200  len: 138 time: 0.0523934
2021-06-09 14:47:17.831 24 INFO eventlet.wsgi.server [-] 10.0.5.5,<local> "GET /2009-04-04/meta-data/block-device-mapping/root HTTP/1.1" status: 200  len: 143 time: 0.0504458
2021-06-09 14:47:17.894 22 INFO eventlet.wsgi.server [-] 10.0.5.5,<local> "GET /2009-04-04/meta-data/public-hostname HTTP/1.1" status: 200  len: 171 time: 0.0551577
2021-06-09 14:47:17.957 24 INFO eventlet.wsgi.server [-] 10.0.5.5,<local> "GET /2009-04-04/meta-data/placement/availability-zone HTTP/1.1" status: 200  len: 139 time: 0.0528939
2021-06-09 14:47:49.458 23 INFO eventlet.wsgi.server [-] 10.0.6.149,<local> "GET /2009-04-04/meta-data/instance-id HTTP/1.1" status: 200  len: 146 time: 0.2167850
2021-06-09 14:47:49.529 23 INFO neutron.agent.metadata.agent [-] The instance: a5958938-eea4-465d-b02d-01269fe1bc18 is not present anymore, skipping cache...
2021-06-09 14:47:49.590 23 INFO eventlet.wsgi.server [-] 10.0.6.149,<local> "GET /2009-04-04/meta-data/public-keys HTTP/1.1" status: 404  len: 297 time: 0.1193521
2021-06-09 14:47:49.662 23 INFO eventlet.wsgi.server [-] 10.0.6.149,<local> "GET /2009-04-04/meta-data/instance-id HTTP/1.1" status: 200  len: 146 time: 0.0624220
2021-06-09 14:47:49.734 25 INFO eventlet.wsgi.server [-] 10.0.6.149,<local> "GET /2009-04-04/meta-data/ami-launch-index HTTP/1.1" status: 200  len: 136 time: 0.0640967
2021-06-09 14:47:49.799 25 INFO eventlet.wsgi.server [-] 10.0.6.149,<local> "GET /2009-04-04/meta-data/instance-type HTTP/1.1" status: 200  len: 161 time: 0.0566227
2021-06-09 14:47:49.863 23 INFO eventlet.wsgi.server [-] 10.0.6.149,<local> "GET /2009-04-04/meta-data/local-ipv4 HTTP/1.1" status: 200  len: 146 time: 0.0562689
2021-06-09 14:47:49.925 23 INFO eventlet.wsgi.server [-] 10.0.6.149,<local> "GET /2009-04-04/meta-data/public-ipv4 HTTP/1.1" status: 200  len: 135 time: 0.0538769
2021-06-09 14:47:49.992 23 INFO eventlet.wsgi.server [-] 10.0.6.149,<local> "GET /2009-04-04/meta-data/hostname HTTP/1.1" status: 200  len: 171 time: 0.0591221
2021-06-09 14:47:50.059 25 INFO eventlet.wsgi.server [-] 10.0.6.149,<local> "GET /2009-04-04/meta-data/local-hostname HTTP/1.1" status: 200  len: 171 time: 0.0592017
2021-06-09 14:47:50.119 24 INFO neutron.agent.metadata.agent [-] The instance: a5958938-eea4-465d-b02d-01269fe1bc18 is not present anymore, skipping cache...
2021-06-09 14:47:50.178 24 INFO eventlet.wsgi.server [-] 10.0.6.149,<local> "GET /2009-04-04/user-data HTTP/1.1" status: 404  len: 297 time: 0.1112492
2021-06-09 14:47:50.245 24 INFO eventlet.wsgi.server [-] 10.0.6.149,<local> "GET /2009-04-04/meta-data/block-device-mapping HTTP/1.1" status: 200  len: 143 time: 0.0559404
2021-06-09 14:47:50.336 24 INFO eventlet.wsgi.server [-] 10.0.6.149,<local> "GET /2009-04-04/meta-data/block-device-mapping/ami HTTP/1.1" status: 200  len: 138 time: 0.0847597
2021-06-09 14:47:50.400 26 INFO eventlet.wsgi.server [-] 10.0.6.149,<local> "GET /2009-04-04/meta-data/block-device-mapping/root HTTP/1.1" status: 200  len: 143 time: 0.0568726
2021-06-09 14:47:50.462 26 INFO eventlet.wsgi.server [-] 10.0.6.149,<local> "GET /2009-04-04/meta-data/public-hostname HTTP/1.1" status: 200  len: 171 time: 0.0548625
2021-06-09 14:47:50.522 26 INFO eventlet.wsgi.server [-] 10.0.6.149,<local> "GET /2009-04-04/meta-data/placement/availability-zone HTTP/1.1" status: 200  len: 139 time: 0.0522499
2021-06-09 14:48:22.358 23 INFO eventlet.wsgi.server [-] 10.0.7.34,<local> "GET /2009-04-04/meta-data/instance-id HTTP/1.1" status: 200  len: 146 time: 0.1980782
2021-06-09 14:48:22.417 23 INFO neutron.agent.metadata.agent [-] The instance: c0050570-45e5-445e-ac4b-d75232d883f8 is not present anymore, skipping cache...
2021-06-09 14:48:22.471 23 INFO eventlet.wsgi.server [-] 10.0.7.34,<local> "GET /2009-04-04/meta-data/public-keys HTTP/1.1" status: 404  len: 297 time: 0.1028666
2021-06-09 14:48:22.537 25 INFO eventlet.wsgi.server [-] 10.0.7.34,<local> "GET /2009-04-04/meta-data/instance-id HTTP/1.1" status: 200  len: 146 time: 0.0536923
2021-06-09 14:48:25.141 25 INFO eventlet.wsgi.server [-] 10.0.7.34,<local> "GET /2009-04-04/meta-data/ami-launch-index HTTP/1.1" status: 200  len: 136 time: 0.0576851
2021-06-09 14:48:25.209 22 INFO eventlet.wsgi.server [-] 10.0.7.34,<local> "GET /2009-04-04/meta-data/instance-type HTTP/1.1" status: 200  len: 161 time: 0.0585136
2021-06-09 14:48:25.282 22 INFO eventlet.wsgi.server [-] 10.0.7.34,<local> "GET /2009-04-04/meta-data/local-ipv4 HTTP/1.1" status: 200  len: 144 time: 0.0651877
2021-06-09 14:48:25.347 22 INFO eventlet.wsgi.server [-] 10.0.7.34,<local> "GET /2009-04-04/meta-data/public-ipv4 HTTP/1.1" status: 200  len: 135 time: 0.0572963
2021-06-09 14:48:25.412 22 INFO eventlet.wsgi.server [-] 10.0.7.34,<local> "GET /2009-04-04/meta-data/hostname HTTP/1.1" status: 200  len: 171 time: 0.0567894
2021-06-09 14:48:25.473 22 INFO eventlet.wsgi.server [-] 10.0.7.34,<local> "GET /2009-04-04/meta-data/local-hostname HTTP/1.1" status: 200  len: 171 time: 0.0550690
2021-06-09 14:48:25.537 23 INFO neutron.agent.metadata.agent [-] The instance: c0050570-45e5-445e-ac4b-d75232d883f8 is not present anymore, skipping cache...
2021-06-09 14:48:25.589 23 INFO eventlet.wsgi.server [-] 10.0.7.34,<local> "GET /2009-04-04/user-data HTTP/1.1" status: 404  len: 297 time: 0.1084130
2021-06-09 14:48:25.652 26 INFO eventlet.wsgi.server [-] 10.0.7.34,<local> "GET /2009-04-04/meta-data/block-device-mapping HTTP/1.1" status: 200  len: 143 time: 0.0531013
2021-06-09 14:48:25.716 25 INFO eventlet.wsgi.server [-] 10.0.7.34,<local> "GET /2009-04-04/meta-data/block-device-mapping/ami HTTP/1.1" status: 200  len: 138 time: 0.0574577
2021-06-09 14:48:25.780 25 INFO eventlet.wsgi.server [-] 10.0.7.34,<local> "GET /2009-04-04/meta-data/block-device-mapping/root HTTP/1.1" status: 200  len: 143 time: 0.0569141
2021-06-09 14:48:25.859 25 INFO eventlet.wsgi.server [-] 10.0.7.34,<local> "GET /2009-04-04/meta-data/public-hostname HTTP/1.1" status: 200  len: 171 time: 0.0708740
2021-06-09 14:48:25.925 25 INFO eventlet.wsgi.server [-] 10.0.7.34,<local> "GET /2009-04-04/meta-data/placement/availability-zone HTTP/1.1" status: 200  len: 139 time: 0.0584073
2021-06-09 14:48:58.899 25 INFO eventlet.wsgi.server [-] 10.0.8.143,<local> "GET /2009-04-04/meta-data/instance-id HTTP/1.1" status: 200  len: 146 time: 0.1905279
2021-06-09 14:48:58.965 25 INFO neutron.agent.metadata.agent [-] The instance: 818ed0aa-dacb-4942-adbd-7458c9e0a9ec is not present anymore, skipping cache...
2021-06-09 14:48:59.025 25 INFO eventlet.wsgi.server [-] 10.0.8.143,<local> "GET /2009-04-04/meta-data/public-keys HTTP/1.1" status: 404  len: 297 time: 0.1158879
2021-06-09 14:48:59.093 23 INFO eventlet.wsgi.server [-] 10.0.8.143,<local> "GET /2009-04-04/meta-data/instance-id HTTP/1.1" status: 200  len: 146 time: 0.0577445
2021-06-09 14:48:59.157 23 INFO eventlet.wsgi.server [-] 10.0.8.143,<local> "GET /2009-04-04/meta-data/ami-launch-index HTTP/1.1" status: 200  len: 136 time: 0.0572264
2021-06-09 14:48:59.223 24 INFO eventlet.wsgi.server [-] 10.0.8.143,<local> "GET /2009-04-04/meta-data/instance-type HTTP/1.1" status: 200  len: 161 time: 0.0581100
2021-06-09 14:48:59.289 23 INFO eventlet.wsgi.server [-] 10.0.8.143,<local> "GET /2009-04-04/meta-data/local-ipv4 HTTP/1.1" status: 200  len: 146 time: 0.0582440
2021-06-09 14:48:59.367 23 INFO eventlet.wsgi.server [-] 10.0.8.143,<local> "GET /2009-04-04/meta-data/public-ipv4 HTTP/1.1" status: 200  len: 135 time: 0.0702965
2021-06-09 14:48:59.424 24 INFO eventlet.wsgi.server [-] 10.0.8.143,<local> "GET /2009-04-04/meta-data/hostname HTTP/1.1" status: 200  len: 171 time: 0.0493162
2021-06-09 14:48:59.481 26 INFO eventlet.wsgi.server [-] 10.0.8.143,<local> "GET /2009-04-04/meta-data/local-hostname HTTP/1.1" status: 200  len: 171 time: 0.0492964
2021-06-09 14:48:59.544 26 INFO neutron.agent.metadata.agent [-] The instance: 818ed0aa-dacb-4942-adbd-7458c9e0a9ec is not present anymore, skipping cache...
2021-06-09 14:48:59.599 26 INFO eventlet.wsgi.server [-] 10.0.8.143,<local> "GET /2009-04-04/user-data HTTP/1.1" status: 404  len: 297 time: 0.1100516
2021-06-09 14:48:59.669 24 INFO eventlet.wsgi.server [-] 10.0.8.143,<local> "GET /2009-04-04/meta-data/block-device-mapping HTTP/1.1" status: 200  len: 143 time: 0.0591602
2021-06-09 14:48:59.724 24 INFO eventlet.wsgi.server [-] 10.0.8.143,<local> "GET /2009-04-04/meta-data/block-device-mapping/ami HTTP/1.1" status: 200  len: 138 time: 0.0486796
2021-06-09 14:48:59.791 26 INFO eventlet.wsgi.server [-] 10.0.8.143,<local> "GET /2009-04-04/meta-data/block-device-mapping/root HTTP/1.1" status: 200  len: 143 time: 0.0595798
2021-06-09 14:48:59.864 26 INFO eventlet.wsgi.server [-] 10.0.8.143,<local> "GET /2009-04-04/meta-data/public-hostname HTTP/1.1" status: 200  len: 171 time: 0.0643506
2021-06-09 14:48:59.928 22 INFO eventlet.wsgi.server [-] 10.0.8.143,<local> "GET /2009-04-04/meta-data/placement/availability-zone HTTP/1.1" status: 200  len: 139 time: 0.0552814
2021-06-09 14:49:30.801 25 INFO eventlet.wsgi.server [-] 10.0.9.122,<local> "GET /2009-04-04/meta-data/instance-id HTTP/1.1" status: 200  len: 146 time: 0.1863256
2021-06-09 14:49:30.863 22 INFO neutron.agent.metadata.agent [-] The instance: e3637704-8a07-40f3-ac76-c4d46f86e042 is not present anymore, skipping cache...
2021-06-09 14:49:30.917 22 INFO eventlet.wsgi.server [-] 10.0.9.122,<local> "GET /2009-04-04/meta-data/public-keys HTTP/1.1" status: 404  len: 297 time: 0.1043854
2021-06-09 14:49:30.986 22 INFO eventlet.wsgi.server [-] 10.0.9.122,<local> "GET /2009-04-04/meta-data/instance-id HTTP/1.1" status: 200  len: 146 time: 0.0577281
2021-06-09 14:49:31.049 22 INFO eventlet.wsgi.server [-] 10.0.9.122,<local> "GET /2009-04-04/meta-data/ami-launch-index HTTP/1.1" status: 200  len: 136 time: 0.0549216
2021-06-09 14:49:31.120 22 INFO eventlet.wsgi.server [-] 10.0.9.122,<local> "GET /2009-04-04/meta-data/instance-type HTTP/1.1" status: 200  len: 161 time: 0.0634968
2021-06-09 14:49:31.185 26 INFO eventlet.wsgi.server [-] 10.0.9.122,<local> "GET /2009-04-04/meta-data/local-ipv4 HTTP/1.1" status: 200  len: 146 time: 0.0563819
2021-06-09 14:49:31.248 26 INFO eventlet.wsgi.server [-] 10.0.9.122,<local> "GET /2009-04-04/meta-data/public-ipv4 HTTP/1.1" status: 200  len: 135 time: 0.0554726
2021-06-09 14:49:31.318 26 INFO eventlet.wsgi.server [-] 10.0.9.122,<local> "GET /2009-04-04/meta-data/hostname HTTP/1.1" status: 200  len: 171 time: 0.0620642
2021-06-09 14:49:31.384 23 INFO eventlet.wsgi.server [-] 10.0.9.122,<local> "GET /2009-04-04/meta-data/local-hostname HTTP/1.1" status: 200  len: 171 time: 0.0570755
2021-06-09 14:49:31.447 26 INFO neutron.agent.metadata.agent [-] The instance: e3637704-8a07-40f3-ac76-c4d46f86e042 is not present anymore, skipping cache...
2021-06-09 14:49:31.499 26 INFO eventlet.wsgi.server [-] 10.0.9.122,<local> "GET /2009-04-04/user-data HTTP/1.1" status: 404  len: 297 time: 0.1071458
2021-06-09 14:49:31.562 26 INFO eventlet.wsgi.server [-] 10.0.9.122,<local> "GET /2009-04-04/meta-data/block-device-mapping HTTP/1.1" status: 200  len: 143 time: 0.0518799
2021-06-09 14:49:31.622 26 INFO eventlet.wsgi.server [-] 10.0.9.122,<local> "GET /2009-04-04/meta-data/block-device-mapping/ami HTTP/1.1" status: 200  len: 138 time: 0.0532355
2021-06-09 14:49:31.685 23 INFO eventlet.wsgi.server [-] 10.0.9.122,<local> "GET /2009-04-04/meta-data/block-device-mapping/root HTTP/1.1" status: 200  len: 143 time: 0.0559881
2021-06-09 14:49:31.749 23 INFO eventlet.wsgi.server [-] 10.0.9.122,<local> "GET /2009-04-04/meta-data/public-hostname HTTP/1.1" status: 200  len: 171 time: 0.0568113
2021-06-09 14:49:31.816 25 INFO eventlet.wsgi.server [-] 10.0.9.122,<local> "GET /2009-04-04/meta-data/placement/availability-zone HTTP/1.1" status: 200  len: 139 time: 0.0601411
2021-06-09 14:50:05.588 26 INFO eventlet.wsgi.server [-] 10.0.10.111,<local> "GET /2009-04-04/meta-data/instance-id HTTP/1.1" status: 200  len: 146 time: 0.5871201
2021-06-09 14:50:05.728 26 INFO neutron.agent.metadata.agent [-] The instance: e1688537-b1c2-4c5b-a831-2dc35b383175 is not present anymore, skipping cache...
2021-06-09 14:50:05.785 26 INFO eventlet.wsgi.server [-] 10.0.10.111,<local> "GET /2009-04-04/meta-data/public-keys HTTP/1.1" status: 404  len: 297 time: 0.1862578
2021-06-09 14:50:36.726 22 INFO eventlet.wsgi.server [-] 10.0.11.8,<local> "GET /2009-04-04/meta-data/instance-id HTTP/1.1" status: 200  len: 146 time: 0.2062907
2021-06-09 14:50:36.792 22 INFO neutron.agent.metadata.agent [-] The instance: 01d0c5bb-7080-4e06-8cbe-0c8ed50c784a is not present anymore, skipping cache...
2021-06-09 14:50:36.853 22 INFO eventlet.wsgi.server [-] 10.0.11.8,<local> "GET /2009-04-04/meta-data/public-keys HTTP/1.1" status: 404  len: 297 time: 0.1160977
2021-06-09 14:50:36.923 25 INFO eventlet.wsgi.server [-] 10.0.11.8,<local> "GET /2009-04-04/meta-data/instance-id HTTP/1.1" status: 200  len: 146 time: 0.0579422
2021-06-09 14:50:36.996 25 INFO eventlet.wsgi.server [-] 10.0.11.8,<local> "GET /2009-04-04/meta-data/ami-launch-index HTTP/1.1" status: 200  len: 136 time: 0.0660272
2021-06-09 14:50:37.064 25 INFO eventlet.wsgi.server [-] 10.0.11.8,<local> "GET /2009-04-04/meta-data/instance-type HTTP/1.1" status: 200  len: 161 time: 0.0595584
2021-06-09 14:50:37.126 23 INFO eventlet.wsgi.server [-] 10.0.11.8,<local> "GET /2009-04-04/meta-data/local-ipv4 HTTP/1.1" status: 200  len: 144 time: 0.0538700
2021-06-09 14:50:37.211 23 INFO eventlet.wsgi.server [-] 10.0.11.8,<local> "GET /2009-04-04/meta-data/public-ipv4 HTTP/1.1" status: 200  len: 135 time: 0.0778992
2021-06-09 14:50:37.274 23 INFO eventlet.wsgi.server [-] 10.0.11.8,<local> "GET /2009-04-04/meta-data/hostname HTTP/1.1" status: 200  len: 171 time: 0.0545757
2021-06-09 14:50:37.344 26 INFO eventlet.wsgi.server [-] 10.0.11.8,<local> "GET /2009-04-04/meta-data/local-hostname HTTP/1.1" status: 200  len: 171 time: 0.0625107
2021-06-09 14:50:37.418 26 INFO neutron.agent.metadata.agent [-] The instance: 01d0c5bb-7080-4e06-8cbe-0c8ed50c784a is not present anymore, skipping cache...
2021-06-09 14:50:37.473 26 INFO eventlet.wsgi.server [-] 10.0.11.8,<local> "GET /2009-04-04/user-data HTTP/1.1" status: 404  len: 297 time: 0.1208615
2021-06-09 14:50:37.545 26 INFO eventlet.wsgi.server [-] 10.0.11.8,<local> "GET /2009-04-04/meta-data/block-device-mapping HTTP/1.1" status: 200  len: 143 time: 0.0616324
2021-06-09 14:50:37.608 22 INFO eventlet.wsgi.server [-] 10.0.11.8,<local> "GET /2009-04-04/meta-data/block-device-mapping/ami HTTP/1.1" status: 200  len: 138 time: 0.0555897
2021-06-09 14:50:37.668 24 INFO eventlet.wsgi.server [-] 10.0.11.8,<local> "GET /2009-04-04/meta-data/block-device-mapping/root HTTP/1.1" status: 200  len: 143 time: 0.0541234
2021-06-09 14:50:37.731 24 INFO eventlet.wsgi.server [-] 10.0.11.8,<local> "GET /2009-04-04/meta-data/public-hostname HTTP/1.1" status: 200  len: 171 time: 0.0548151
2021-06-09 14:50:37.800 23 INFO eventlet.wsgi.server [-] 10.0.11.8,<local> "GET /2009-04-04/meta-data/placement/availability-zone HTTP/1.1" status: 200  len: 139 time: 0.0604210
2021-06-09 14:51:09.061 23 INFO eventlet.wsgi.server [-] 10.0.12.218,<local> "GET /2009-04-04/meta-data/instance-id HTTP/1.1" status: 200  len: 146 time: 0.1970093
2021-06-09 14:51:09.127 23 INFO neutron.agent.metadata.agent [-] The instance: 869735f2-e8fa-4205-b856-457eb17130ce is not present anymore, skipping cache...
2021-06-09 14:51:09.193 23 INFO eventlet.wsgi.server [-] 10.0.12.218,<local> "GET /2009-04-04/meta-data/public-keys HTTP/1.1" status: 404  len: 297 time: 0.1213450
2021-06-09 14:51:09.262 23 INFO eventlet.wsgi.server [-] 10.0.12.218,<local> "GET /2009-04-04/meta-data/instance-id HTTP/1.1" status: 200  len: 146 time: 0.0562613
2021-06-09 14:51:09.325 23 INFO eventlet.wsgi.server [-] 10.0.12.218,<local> "GET /2009-04-04/meta-data/ami-launch-index HTTP/1.1" status: 200  len: 136 time: 0.0554333
2021-06-09 14:51:09.390 23 INFO eventlet.wsgi.server [-] 10.0.12.218,<local> "GET /2009-04-04/meta-data/instance-type HTTP/1.1" status: 200  len: 161 time: 0.0559568
2021-06-09 14:51:09.470 23 INFO eventlet.wsgi.server [-] 10.0.12.218,<local> "GET /2009-04-04/meta-data/local-ipv4 HTTP/1.1" status: 200  len: 147 time: 0.0722642
2021-06-09 14:51:09.535 23 INFO eventlet.wsgi.server [-] 10.0.12.218,<local> "GET /2009-04-04/meta-data/public-ipv4 HTTP/1.1" status: 200  len: 135 time: 0.0578732
2021-06-09 14:51:09.598 23 INFO eventlet.wsgi.server [-] 10.0.12.218,<local> "GET /2009-04-04/meta-data/hostname HTTP/1.1" status: 200  len: 171 time: 0.0542326
2021-06-09 14:51:09.658 23 INFO eventlet.wsgi.server [-] 10.0.12.218,<local> "GET /2009-04-04/meta-data/local-hostname HTTP/1.1" status: 200  len: 171 time: 0.0523539
2021-06-09 14:51:09.717 23 INFO neutron.agent.metadata.agent [-] The instance: 869735f2-e8fa-4205-b856-457eb17130ce is not present anymore, skipping cache...
2021-06-09 14:51:09.772 23 INFO eventlet.wsgi.server [-] 10.0.12.218,<local> "GET /2009-04-04/user-data HTTP/1.1" status: 404  len: 297 time: 0.1061940
2021-06-09 14:51:09.840 24 INFO eventlet.wsgi.server [-] 10.0.12.218,<local> "GET /2009-04-04/meta-data/block-device-mapping HTTP/1.1" status: 200  len: 143 time: 0.0579402
2021-06-09 14:51:09.911 24 INFO eventlet.wsgi.server [-] 10.0.12.218,<local> "GET /2009-04-04/meta-data/block-device-mapping/ami HTTP/1.1" status: 200  len: 138 time: 0.0638001
2021-06-09 14:51:09.971 24 INFO eventlet.wsgi.server [-] 10.0.12.218,<local> "GET /2009-04-04/meta-data/block-device-mapping/root HTTP/1.1" status: 200  len: 143 time: 0.0531785
2021-06-09 14:51:10.033 26 INFO eventlet.wsgi.server [-] 10.0.12.218,<local> "GET /2009-04-04/meta-data/public-hostname HTTP/1.1" status: 200  len: 171 time: 0.0530369
2021-06-09 14:51:10.092 26 INFO eventlet.wsgi.server [-] 10.0.12.218,<local> "GET /2009-04-04/meta-data/placement/availability-zone HTTP/1.1" status: 200  len: 139 time: 0.0535147
2021-06-09 14:51:43.029 23 INFO eventlet.wsgi.server [-] 10.0.13.41,<local> "GET /2009-04-04/meta-data/instance-id HTTP/1.1" status: 200  len: 146 time: 0.2859335
2021-06-09 14:51:43.100 23 INFO neutron.agent.metadata.agent [-] The instance: 3660a2be-cebf-4f42-b9cd-b5adabb03e40 is not present anymore, skipping cache...
2021-06-09 14:51:43.187 23 INFO eventlet.wsgi.server [-] 10.0.13.41,<local> "GET /2009-04-04/meta-data/public-keys HTTP/1.1" status: 404  len: 297 time: 0.1467545
2021-06-09 14:51:43.254 25 INFO eventlet.wsgi.server [-] 10.0.13.41,<local> "GET /2009-04-04/meta-data/instance-id HTTP/1.1" status: 200  len: 146 time: 0.0554173
2021-06-09 14:51:43.317 22 INFO eventlet.wsgi.server [-] 10.0.13.41,<local> "GET /2009-04-04/meta-data/ami-launch-index HTTP/1.1" status: 200  len: 136 time: 0.0557075
2021-06-09 14:51:43.374 22 INFO eventlet.wsgi.server [-] 10.0.13.41,<local> "GET /2009-04-04/meta-data/instance-type HTTP/1.1" status: 200  len: 161 time: 0.0486729
2021-06-09 14:51:43.436 22 INFO eventlet.wsgi.server [-] 10.0.13.41,<local> "GET /2009-04-04/meta-data/local-ipv4 HTTP/1.1" status: 200  len: 146 time: 0.0547583
2021-06-09 14:51:43.596 22 INFO eventlet.wsgi.server [-] 10.0.13.41,<local> "GET /2009-04-04/meta-data/public-ipv4 HTTP/1.1" status: 200  len: 135 time: 0.1522956
2021-06-09 14:52:15.197 23 INFO eventlet.wsgi.server [-] 10.0.14.121,<local> "GET /2009-04-04/meta-data/instance-id HTTP/1.1" status: 200  len: 146 time: 0.2676041
2021-06-09 14:52:15.259 23 INFO neutron.agent.metadata.agent [-] The instance: 11adc26f-3baa-4679-9f67-c0f030fa873e is not present anymore, skipping cache...
2021-06-09 14:52:15.310 23 INFO eventlet.wsgi.server [-] 10.0.14.121,<local> "GET /2009-04-04/meta-data/public-keys HTTP/1.1" status: 404  len: 297 time: 0.1026230
2021-06-09 14:52:15.380 24 INFO eventlet.wsgi.server [-] 10.0.14.121,<local> "GET /2009-04-04/meta-data/instance-id HTTP/1.1" status: 200  len: 146 time: 0.0591092
2021-06-09 14:52:15.438 22 INFO eventlet.wsgi.server [-] 10.0.14.121,<local> "GET /2009-04-04/meta-data/ami-launch-index HTTP/1.1" status: 200  len: 136 time: 0.0536013
2021-06-09 14:52:15.500 22 INFO eventlet.wsgi.server [-] 10.0.14.121,<local> "GET /2009-04-04/meta-data/instance-type HTTP/1.1" status: 200  len: 161 time: 0.0544527
2021-06-09 14:52:15.559 22 INFO eventlet.wsgi.server [-] 10.0.14.121,<local> "GET /2009-04-04/meta-data/local-ipv4 HTTP/1.1" status: 200  len: 147 time: 0.0514193
2021-06-09 14:52:15.628 22 INFO eventlet.wsgi.server [-] 10.0.14.121,<local> "GET /2009-04-04/meta-data/public-ipv4 HTTP/1.1" status: 200  len: 135 time: 0.0610776
2021-06-09 14:52:15.696 26 INFO eventlet.wsgi.server [-] 10.0.14.121,<local> "GET /2009-04-04/meta-data/hostname HTTP/1.1" status: 200  len: 171 time: 0.0597754
2021-06-09 14:52:46.812 26 INFO eventlet.wsgi.server [-] 10.0.15.8,<local> "GET /2009-04-04/meta-data/instance-id HTTP/1.1" status: 200  len: 146 time: 0.2143185
2021-06-09 14:52:46.885 24 INFO neutron.agent.metadata.agent [-] The instance: fbfbf1dd-9b35-495d-a4e0-b5b65b81a5d9 is not present anymore, skipping cache...
2021-06-09 14:52:46.943 24 INFO eventlet.wsgi.server [-] 10.0.15.8,<local> "GET /2009-04-04/meta-data/public-keys HTTP/1.1" status: 404  len: 297 time: 0.1194620
2021-06-09 14:52:47.013 24 INFO eventlet.wsgi.server [-] 10.0.15.8,<local> "GET /2009-04-04/meta-data/instance-id HTTP/1.1" status: 200  len: 146 time: 0.0592098
2021-06-09 14:52:47.078 24 INFO eventlet.wsgi.server [-] 10.0.15.8,<local> "GET /2009-04-04/meta-data/ami-launch-index HTTP/1.1" status: 200  len: 136 time: 0.0560803
2021-06-09 14:52:47.151 24 INFO eventlet.wsgi.server [-] 10.0.15.8,<local> "GET /2009-04-04/meta-data/instance-type HTTP/1.1" status: 200  len: 161 time: 0.0657704
2021-06-09 14:52:47.208 24 INFO eventlet.wsgi.server [-] 10.0.15.8,<local> "GET /2009-04-04/meta-data/local-ipv4 HTTP/1.1" status: 200  len: 144 time: 0.0494447
2021-06-09 14:52:47.263 22 INFO eventlet.wsgi.server [-] 10.0.15.8,<local> "GET /2009-04-04/meta-data/public-ipv4 HTTP/1.1" status: 200  len: 135 time: 0.0475137
2021-06-09 14:52:47.333 25 INFO eventlet.wsgi.server [-] 10.0.15.8,<local> "GET /2009-04-04/meta-data/hostname HTTP/1.1" status: 200  len: 171 time: 0.0617280
2021-06-09 14:52:47.395 22 INFO eventlet.wsgi.server [-] 10.0.15.8,<local> "GET /2009-04-04/meta-data/local-hostname HTTP/1.1" status: 200  len: 171 time: 0.0543485
2021-06-09 14:52:47.459 22 INFO neutron.agent.metadata.agent [-] The instance: fbfbf1dd-9b35-495d-a4e0-b5b65b81a5d9 is not present anymore, skipping cache...
2021-06-09 14:52:47.508 22 INFO eventlet.wsgi.server [-] 10.0.15.8,<local> "GET /2009-04-04/user-data HTTP/1.1" status: 404  len: 297 time: 0.1051555
2021-06-09 14:52:47.577 23 INFO eventlet.wsgi.server [-] 10.0.15.8,<local> "GET /2009-04-04/meta-data/block-device-mapping HTTP/1.1" status: 200  len: 143 time: 0.0581501
2021-06-09 14:52:47.637 23 INFO eventlet.wsgi.server [-] 10.0.15.8,<local> "GET /2009-04-04/meta-data/block-device-mapping/ami HTTP/1.1" status: 200  len: 138 time: 0.0531251
2021-06-09 14:52:47.696 23 INFO eventlet.wsgi.server [-] 10.0.15.8,<local> "GET /2009-04-04/meta-data/block-device-mapping/root HTTP/1.1" status: 200  len: 143 time: 0.0512350
2021-06-09 14:53:19.050 26 INFO eventlet.wsgi.server [-] 10.0.16.254,<local> "GET /2009-04-04/meta-data/instance-id HTTP/1.1" status: 200  len: 146 time: 0.2048786
2021-06-09 14:53:19.114 25 INFO neutron.agent.metadata.agent [-] The instance: 18eac4cb-b096-482c-9b11-6eebfb88821a is not present anymore, skipping cache...
2021-06-09 14:53:19.170 25 INFO eventlet.wsgi.server [-] 10.0.16.254,<local> "GET /2009-04-04/meta-data/public-keys HTTP/1.1" status: 404  len: 297 time: 0.1097515
2021-06-09 14:53:19.235 25 INFO eventlet.wsgi.server [-] 10.0.16.254,<local> "GET /2009-04-04/meta-data/instance-id HTTP/1.1" status: 200  len: 146 time: 0.0545902
2021-06-09 14:53:19.307 25 INFO eventlet.wsgi.server [-] 10.0.16.254,<local> "GET /2009-04-04/meta-data/ami-launch-index HTTP/1.1" status: 200  len: 136 time: 0.0632181
2021-06-09 14:53:19.374 25 INFO eventlet.wsgi.server [-] 10.0.16.254,<local> "GET /2009-04-04/meta-data/instance-type HTTP/1.1" status: 200  len: 161 time: 0.0591910
2021-06-09 14:53:19.453 25 INFO eventlet.wsgi.server [-] 10.0.16.254,<local> "GET /2009-04-04/meta-data/local-ipv4 HTTP/1.1" status: 200  len: 147 time: 0.0717783
2021-06-09 14:53:19.521 25 INFO eventlet.wsgi.server [-] 10.0.16.254,<local> "GET /2009-04-04/meta-data/public-ipv4 HTTP/1.1" status: 200  len: 135 time: 0.0594318
2021-06-09 14:53:19.586 25 INFO eventlet.wsgi.server [-] 10.0.16.254,<local> "GET /2009-04-04/meta-data/hostname HTTP/1.1" status: 200  len: 171 time: 0.0569458
2021-06-09 14:53:19.657 25 INFO eventlet.wsgi.server [-] 10.0.16.254,<local> "GET /2009-04-04/meta-data/local-hostname HTTP/1.1" status: 200  len: 171 time: 0.0630326
2021-06-09 14:53:19.715 26 INFO neutron.agent.metadata.agent [-] The instance: 18eac4cb-b096-482c-9b11-6eebfb88821a is not present anymore, skipping cache...
2021-06-09 14:53:19.763 26 INFO eventlet.wsgi.server [-] 10.0.16.254,<local> "GET /2009-04-04/user-data HTTP/1.1" status: 404  len: 297 time: 0.0991306
2021-06-09 14:53:19.825 23 INFO eventlet.wsgi.server [-] 10.0.16.254,<local> "GET /2009-04-04/meta-data/block-device-mapping HTTP/1.1" status: 200  len: 143 time: 0.0546687
2021-06-09 14:53:19.894 26 INFO eventlet.wsgi.server [-] 10.0.16.254,<local> "GET /2009-04-04/meta-data/block-device-mapping/ami HTTP/1.1" status: 200  len: 138 time: 0.0617905
2021-06-09 14:53:19.963 22 INFO eventlet.wsgi.server [-] 10.0.16.254,<local> "GET /2009-04-04/meta-data/block-device-mapping/root HTTP/1.1" status: 200  len: 143 time: 0.0622251
2021-06-09 14:53:20.028 25 INFO eventlet.wsgi.server [-] 10.0.16.254,<local> "GET /2009-04-04/meta-data/public-hostname HTTP/1.1" status: 200  len: 171 time: 0.0570724
2021-06-09 14:53:20.094 24 INFO eventlet.wsgi.server [-] 10.0.16.254,<local> "GET /2009-04-04/meta-data/placement/availability-zone HTTP/1.1" status: 200  len: 139 time: 0.0573943
2021-06-09 14:53:51.032 24 INFO eventlet.wsgi.server [-] 10.0.17.124,<local> "GET /2009-04-04/meta-data/instance-id HTTP/1.1" status: 200  len: 146 time: 0.2106090
2021-06-09 14:53:51.099 24 INFO neutron.agent.metadata.agent [-] The instance: 714d8d14-2a9e-4a03-9049-a7bd75a19b6b is not present anymore, skipping cache...
2021-06-09 14:53:51.159 24 INFO eventlet.wsgi.server [-] 10.0.17.124,<local> "GET /2009-04-04/meta-data/public-keys HTTP/1.1" status: 404  len: 297 time: 0.1169167
2021-06-09 14:53:51.226 24 INFO eventlet.wsgi.server [-] 10.0.17.124,<local> "GET /2009-04-04/meta-data/instance-id HTTP/1.1" status: 200  len: 146 time: 0.0564141
2021-06-09 14:53:51.312 24 INFO eventlet.wsgi.server [-] 10.0.17.124,<local> "GET /2009-04-04/meta-data/ami-launch-index HTTP/1.1" status: 200  len: 136 time: 0.0778573
2021-06-09 14:53:51.370 24 INFO eventlet.wsgi.server [-] 10.0.17.124,<local> "GET /2009-04-04/meta-data/instance-type HTTP/1.1" status: 200  len: 161 time: 0.0506992
2021-06-09 14:53:51.433 24 INFO eventlet.wsgi.server [-] 10.0.17.124,<local> "GET /2009-04-04/meta-data/local-ipv4 HTTP/1.1" status: 200  len: 147 time: 0.0554399
2021-06-09 14:53:51.498 24 INFO eventlet.wsgi.server [-] 10.0.17.124,<local> "GET /2009-04-04/meta-data/public-ipv4 HTTP/1.1" status: 200  len: 135 time: 0.0576918
2021-06-09 14:53:51.568 24 INFO eventlet.wsgi.server [-] 10.0.17.124,<local> "GET /2009-04-04/meta-data/hostname HTTP/1.1" status: 200  len: 171 time: 0.0615883
2021-06-09 14:53:51.628 25 INFO eventlet.wsgi.server [-] 10.0.17.124,<local> "GET /2009-04-04/meta-data/local-hostname HTTP/1.1" status: 200  len: 171 time: 0.0524113
2021-06-09 14:53:51.690 24 INFO neutron.agent.metadata.agent [-] The instance: 714d8d14-2a9e-4a03-9049-a7bd75a19b6b is not present anymore, skipping cache...
2021-06-09 14:53:51.749 24 INFO eventlet.wsgi.server [-] 10.0.17.124,<local> "GET /2009-04-04/user-data HTTP/1.1" status: 404  len: 297 time: 0.1130860
2021-06-09 14:53:51.820 24 INFO eventlet.wsgi.server [-] 10.0.17.124,<local> "GET /2009-04-04/meta-data/block-device-mapping HTTP/1.1" status: 200  len: 143 time: 0.0600052
2021-06-09 14:54:20.511 22 INFO eventlet.wsgi.server [-] 10.0.18.160,<local> "GET /2009-04-04/meta-data/instance-id HTTP/1.1" status: 200  len: 146 time: 0.2039711
2021-06-09 14:54:23.085 26 INFO neutron.agent.metadata.agent [-] The instance: ea10c3bd-3ab2-44f3-a43b-a7b5308afa91 is not present anymore, skipping cache...
2021-06-09 14:54:23.140 26 INFO eventlet.wsgi.server [-] 10.0.18.160,<local> "GET /2009-04-04/meta-data/public-keys HTTP/1.1" status: 404  len: 297 time: 0.1100910
2021-06-09 14:54:23.209 23 INFO eventlet.wsgi.server [-] 10.0.18.160,<local> "GET /2009-04-04/meta-data/instance-id HTTP/1.1" status: 200  len: 146 time: 0.0558200
2021-06-09 14:54:23.276 24 INFO eventlet.wsgi.server [-] 10.0.18.160,<local> "GET /2009-04-04/meta-data/ami-launch-index HTTP/1.1" status: 200  len: 136 time: 0.0598185
2021-06-09 14:54:23.352 24 INFO eventlet.wsgi.server [-] 10.0.18.160,<local> "GET /2009-04-04/meta-data/instance-type HTTP/1.1" status: 200  len: 161 time: 0.0680480
2021-06-09 14:54:23.411 26 INFO eventlet.wsgi.server [-] 10.0.18.160,<local> "GET /2009-04-04/meta-data/local-ipv4 HTTP/1.1" status: 200  len: 147 time: 0.0510325
2021-06-09 14:54:23.476 26 INFO eventlet.wsgi.server [-] 10.0.18.160,<local> "GET /2009-04-04/meta-data/public-ipv4 HTTP/1.1" status: 200  len: 135 time: 0.0565078
2021-06-09 14:54:23.539 24 INFO eventlet.wsgi.server [-] 10.0.18.160,<local> "GET /2009-04-04/meta-data/hostname HTTP/1.1" status: 200  len: 171 time: 0.0552080
2021-06-09 14:54:23.612 25 INFO eventlet.wsgi.server [-] 10.0.18.160,<local> "GET /2009-04-04/meta-data/local-hostname HTTP/1.1" status: 200  len: 171 time: 0.0653903
2021-06-09 14:54:23.680 25 INFO neutron.agent.metadata.agent [-] The instance: ea10c3bd-3ab2-44f3-a43b-a7b5308afa91 is not present anymore, skipping cache...
2021-06-09 14:54:23.741 25 INFO eventlet.wsgi.server [-] 10.0.18.160,<local> "GET /2009-04-04/user-data HTTP/1.1" status: 404  len: 297 time: 0.1208169
2021-06-09 14:54:23.805 25 INFO eventlet.wsgi.server [-] 10.0.18.160,<local> "GET /2009-04-04/meta-data/block-device-mapping HTTP/1.1" status: 200  len: 143 time: 0.0538423
2021-06-09 14:54:23.874 25 INFO eventlet.wsgi.server [-] 10.0.18.160,<local> "GET /2009-04-04/meta-data/block-device-mapping/ami HTTP/1.1" status: 200  len: 138 time: 0.0611055
2021-06-09 14:54:23.944 24 INFO eventlet.wsgi.server [-] 10.0.18.160,<local> "GET /2009-04-04/meta-data/block-device-mapping/root HTTP/1.1" status: 200  len: 143 time: 0.0631633
2021-06-09 14:54:24.017 24 INFO eventlet.wsgi.server [-] 10.0.18.160,<local> "GET /2009-04-04/meta-data/public-hostname HTTP/1.1" status: 200  len: 171 time: 0.0615358
2021-06-09 14:54:24.080 24 INFO eventlet.wsgi.server [-] 10.0.18.160,<local> "GET /2009-04-04/meta-data/placement/availability-zone HTTP/1.1" status: 200  len: 139 time: 0.0545735
2021-06-14 16:13:46.760 25 INFO neutron.agent.metadata.agent [-] The instance: 96ce4dc2-4639-45e3-a8ca-cdcb59c5de68 is not present anymore, skipping cache...
2021-06-14 16:13:47.317 25 INFO eventlet.wsgi.server [-] Traceback (most recent call last):
  File "/usr/lib/python3/dist-packages/eventlet/wsgi.py", line 604, in handle_one_response
    write(b''.join(towrite))
  File "/usr/lib/python3/dist-packages/eventlet/wsgi.py", line 538, in write
    wfile.flush()
  File "/usr/lib/python3.8/socket.py", line 687, in write
    return self._sock.send(b)
  File "/usr/lib/python3/dist-packages/eventlet/greenio/base.py", line 396, in send
    return self._send_loop(self.fd.send, data, flags)
  File "/usr/lib/python3/dist-packages/eventlet/greenio/base.py", line 383, in _send_loop
    return send_method(data, *args)
BrokenPipeError: [Errno 32] Broken pipe

2021-06-14 16:13:47.317 25 INFO eventlet.wsgi.server [-] 10.0.0.152,<local> "GET /2009-04-04/meta-data/instance-id HTTP/1.1" status: 404  len: 0 time: 7.6064954
2021-06-14 16:14:18.253 24 INFO eventlet.wsgi.server [-] 10.0.1.205,<local> "GET /2009-04-04/meta-data/instance-id HTTP/1.1" status: 200  len: 146 time: 3.3837247
2021-06-14 16:14:52.219 24 INFO eventlet.wsgi.server [-] 10.0.2.119,<local> "GET /2009-04-04/meta-data/instance-id HTTP/1.1" status: 200  len: 146 time: 2.8039756
2021-06-14 16:17:13.990 22 INFO eventlet.wsgi.server [-] 10.0.6.14,<local> "GET /2009-04-04/meta-data/instance-id HTTP/1.1" status: 200  len: 146 time: 0.5529199
2021-06-14 16:17:51.121 22 INFO eventlet.wsgi.server [-] 10.0.7.3,<local> "GET /2009-04-04/meta-data/instance-id HTTP/1.1" status: 200  len: 146 time: 0.1978121
2021-06-14 16:17:51.187 23 INFO neutron.agent.metadata.agent [-] The instance: 1819f95a-8b0f-4baa-9c43-d78ffddfe48f is not present anymore, skipping cache...
2021-06-14 16:17:51.248 23 INFO eventlet.wsgi.server [-] 10.0.7.3,<local> "GET /2009-04-04/meta-data/public-keys HTTP/1.1" status: 404  len: 297 time: 0.1175039
2021-06-14 16:17:53.938 25 INFO eventlet.wsgi.server [-] 10.0.7.3,<local> "GET /2009-04-04/meta-data/instance-id HTTP/1.1" status: 200  len: 146 time: 2.6764820
2021-06-14 16:20:10.796 24 INFO eventlet.wsgi.server [-] 10.0.11.99,<local> "GET /2009-04-04/meta-data/instance-id HTTP/1.1" status: 200  len: 146 time: 2.6837809
2021-06-14 16:20:11.371 22 INFO neutron.agent.metadata.agent [-] The instance: 295635e1-3c9f-4393-b73c-3b5b6680aeef is not present anymore, skipping cache...
2021-06-14 16:20:11.422 22 INFO eventlet.wsgi.server [-] 10.0.11.99,<local> "GET /2009-04-04/meta-data/public-keys HTTP/1.1" status: 404  len: 297 time: 0.1085708
2021-06-14 16:20:11.499 24 INFO eventlet.wsgi.server [-] 10.0.11.99,<local> "GET /2009-04-04/meta-data/instance-id HTTP/1.1" status: 200  len: 146 time: 0.0680878
2021-06-14 16:20:11.765 26 INFO eventlet.wsgi.server [-] 10.0.11.99,<local> "GET /2009-04-04/meta-data/ami-launch-index HTTP/1.1" status: 200  len: 136 time: 0.1895213
2021-06-14 16:20:11.841 26 INFO eventlet.wsgi.server [-] 10.0.11.99,<local> "GET /2009-04-04/meta-data/instance-type HTTP/1.1" status: 200  len: 161 time: 0.0684061
2021-06-14 16:20:11.902 22 INFO eventlet.wsgi.server [-] 10.0.11.99,<local> "GET /2009-04-04/meta-data/local-ipv4 HTTP/1.1" status: 200  len: 146 time: 0.0550165
2021-06-14 16:20:11.970 22 INFO eventlet.wsgi.server [-] 10.0.11.99,<local> "GET /2009-04-04/meta-data/public-ipv4 HTTP/1.1" status: 200  len: 135 time: 0.0610576
2021-06-14 16:20:12.031 24 INFO eventlet.wsgi.server [-] 10.0.11.99,<local> "GET /2009-04-04/meta-data/hostname HTTP/1.1" status: 200  len: 171 time: 0.0548260
2021-06-14 16:20:12.091 25 INFO eventlet.wsgi.server [-] 10.0.11.99,<local> "GET /2009-04-04/meta-data/local-hostname HTTP/1.1" status: 200  len: 171 time: 0.0538812
2021-06-14 16:20:12.156 25 INFO neutron.agent.metadata.agent [-] The instance: 295635e1-3c9f-4393-b73c-3b5b6680aeef is not present anymore, skipping cache...
2021-06-14 16:20:12.210 25 INFO eventlet.wsgi.server [-] 10.0.11.99,<local> "GET /2009-04-04/user-data HTTP/1.1" status: 404  len: 297 time: 0.1135371
2021-06-14 16:20:12.273 25 INFO eventlet.wsgi.server [-] 10.0.11.99,<local> "GET /2009-04-04/meta-data/block-device-mapping HTTP/1.1" status: 200  len: 143 time: 0.0544319
2021-06-14 16:20:12.397 25 INFO eventlet.wsgi.server [-] 10.0.11.99,<local> "GET /2009-04-04/meta-data/block-device-mapping/ami HTTP/1.1" status: 200  len: 138 time: 0.1198716
2021-06-14 16:20:12.460 25 INFO eventlet.wsgi.server [-] 10.0.11.99,<local> "GET /2009-04-04/meta-data/block-device-mapping/root HTTP/1.1" status: 200  len: 143 time: 0.0569241
2021-06-14 16:20:12.531 25 INFO eventlet.wsgi.server [-] 10.0.11.99,<local> "GET /2009-04-04/meta-data/public-hostname HTTP/1.1" status: 200  len: 171 time: 0.0645120
2021-06-14 16:20:12.590 23 INFO eventlet.wsgi.server [-] 10.0.11.99,<local> "GET /2009-04-04/meta-data/placement/availability-zone HTTP/1.1" status: 200  len: 139 time: 0.0534263
2021-06-14 16:20:48.384 26 INFO eventlet.wsgi.server [-] 10.0.12.232,<local> "GET /2009-04-04/meta-data/instance-id HTTP/1.1" status: 200  len: 146 time: 0.2520416
2021-06-14 16:20:48.453 26 INFO neutron.agent.metadata.agent [-] The instance: a403bbdd-9e0b-4538-8f52-476dba4ef9dc is not present anymore, skipping cache...
2021-06-14 16:20:48.547 26 INFO eventlet.wsgi.server [-] 10.0.12.232,<local> "GET /2009-04-04/meta-data/public-keys HTTP/1.1" status: 404  len: 297 time: 0.1562247
2021-06-14 16:20:48.638 26 INFO eventlet.wsgi.server [-] 10.0.12.232,<local> "GET /2009-04-04/meta-data/instance-id HTTP/1.1" status: 200  len: 146 time: 0.0806456
2021-06-14 16:20:48.700 23 INFO eventlet.wsgi.server [-] 10.0.12.232,<local> "GET /2009-04-04/meta-data/ami-launch-index HTTP/1.1" status: 200  len: 136 time: 0.0558512
2021-06-14 16:20:48.763 26 INFO eventlet.wsgi.server [-] 10.0.12.232,<local> "GET /2009-04-04/meta-data/instance-type HTTP/1.1" status: 200  len: 161 time: 0.0562568
2021-06-14 16:20:48.831 26 INFO eventlet.wsgi.server [-] 10.0.12.232,<local> "GET /2009-04-04/meta-data/local-ipv4 HTTP/1.1" status: 200  len: 147 time: 0.0621336
2021-06-14 16:20:48.892 26 INFO eventlet.wsgi.server [-] 10.0.12.232,<local> "GET /2009-04-04/meta-data/public-ipv4 HTTP/1.1" status: 200  len: 135 time: 0.0544655
2021-06-14 16:20:48.952 26 INFO eventlet.wsgi.server [-] 10.0.12.232,<local> "GET /2009-04-04/meta-data/hostname HTTP/1.1" status: 200  len: 171 time: 0.0541043
2021-06-14 16:20:49.015 26 INFO eventlet.wsgi.server [-] 10.0.12.232,<local> "GET /2009-04-04/meta-data/local-hostname HTTP/1.1" status: 200  len: 171 time: 0.0554314
2021-06-14 16:20:49.072 26 INFO neutron.agent.metadata.agent [-] The instance: a403bbdd-9e0b-4538-8f52-476dba4ef9dc is not present anymore, skipping cache...
2021-06-14 16:20:49.129 26 INFO eventlet.wsgi.server [-] 10.0.12.232,<local> "GET /2009-04-04/user-data HTTP/1.1" status: 404  len: 297 time: 0.1091454
2021-06-14 16:20:49.194 23 INFO eventlet.wsgi.server [-] 10.0.12.232,<local> "GET /2009-04-04/meta-data/block-device-mapping HTTP/1.1" status: 200  len: 143 time: 0.0551116
2021-06-14 16:20:49.256 23 INFO eventlet.wsgi.server [-] 10.0.12.232,<local> "GET /2009-04-04/meta-data/block-device-mapping/ami HTTP/1.1" status: 200  len: 138 time: 0.0566759
2021-06-14 16:20:49.318 25 INFO eventlet.wsgi.server [-] 10.0.12.232,<local> "GET /2009-04-04/meta-data/block-device-mapping/root HTTP/1.1" status: 200  len: 143 time: 0.0564179
